[INFO][AppLauncher]: Using device: cuda:0
[INFO][AppLauncher]: Loading experience file: F:\eai\isaaclab\IsaacLab\apps\isaaclab.python.kit
Loading user config located at: 'f:/eai/isaaclab/env_isaaclab/lib/site-packages/isaacsim/kit/data/Kit/Isaac-Sim/5.1/user.config.json'
[Info] [carb] Logging to file: f:/eai/isaaclab/env_isaaclab/lib/site-packages/isaacsim/kit/logs/Kit/Isaac-Sim/5.1/kit_20260313_000601.log
2026-03-13T07:06:01Z [7ms] [Warning] [omni.ext.plugin] [ext: isaacsim.asset.importer.urdf-2.4.31+107.3.3.wx64.r.cp311] Extensions config 'extension.toml' doesn't exist 'f:/eai/isaaclab/env_isaaclab/lib/site-packages/isaacsim/kit/data/kit/isaac-sim/5.1/exts/3/isaacsim.asset.importer.urdf-2.4.31+107.3.3.wx64.r.cp311' or 'f:/eai/isaaclab/env_isaaclab/lib/site-packages/isaacsim/kit/data/kit/isaac-sim/5.1/exts/3/isaacsim.asset.importer.urdf-2.4.31+107.3.3.wx64.r.cp311/config'
2026-03-13T07:06:01Z [7ms] [Warning] [omni.ext.plugin] [ext: omni.kit.pip_archive-0.0.0+69cbf6ad.wx64.cp311] Extensions config 'extension.toml' doesn't exist 'f:/eai/isaaclab/env_isaaclab/lib/site-packages/isaacsim/kit/data/kit/isaac-sim/5.1/exts/3/omni.kit.pip_archive-0.0.0+69cbf6ad.wx64.cp311' or 'f:/eai/isaaclab/env_isaaclab/lib/site-packages/isaacsim/kit/data/kit/isaac-sim/5.1/exts/3/omni.kit.pip_archive-0.0.0+69cbf6ad.wx64.cp311/config'
[0.152s] Failed to solve some dependencies locally, syncing with extension registry...
2026-03-13T07:06:01Z [72ms] [Warning] [omni.ext.plugin] [ext: isaacsim.asset.importer.urdf-2.4.31+107.3.3.wx64.r.cp311] Extensions config 'extension.toml' doesn't exist 'f:/eai/isaaclab/env_isaaclab/lib/site-packages/isaacsim/kit/data/kit/isaac-sim/5.1/exts/3/isaacsim.asset.importer.urdf-2.4.31+107.3.3.wx64.r.cp311' or 'f:/eai/isaaclab/env_isaaclab/lib/site-packages/isaacsim/kit/data/kit/isaac-sim/5.1/exts/3/isaacsim.asset.importer.urdf-2.4.31+107.3.3.wx64.r.cp311/config'
2026-03-13T07:06:01Z [72ms] [Warning] [omni.ext.plugin] [ext: omni.kit.pip_archive-0.0.0+69cbf6ad.wx64.cp311] Extensions config 'extension.toml' doesn't exist 'f:/eai/isaaclab/env_isaaclab/lib/site-packages/isaacsim/kit/data/kit/isaac-sim/5.1/exts/3/omni.kit.pip_archive-0.0.0+69cbf6ad.wx64.cp311' or 'f:/eai/isaaclab/env_isaaclab/lib/site-packages/isaacsim/kit/data/kit/isaac-sim/5.1/exts/3/omni.kit.pip_archive-0.0.0+69cbf6ad.wx64.cp311/config'
[0.159s] [ext: omni.kit.async_engine-0.0.3] startup
[0.163s] [ext: omni.client.lib-1.1.0] startup
[0.173s] [ext: omni.kit.registry.nucleus-0.0.0] startup
2026-03-13T07:06:01Z [108ms] [Error] [carb.scripting-python.plugin] FileExistsError: [WinError 183] 当文件已存在时，无法创建该文件。: 'C:/Users/14503/AppData/Local/ov/data/exts/v2'

At:
  <frozen os>(230): makedirs
  f:/eai/isaaclab/env_isaaclab/lib/site-packages/isaacsim/kit/extscore/omni.kit.registry.nucleus/omni/kit/registry/nucleus/cache.py(57): __init__
  f:/eai/isaaclab/env_isaaclab/lib/site-packages/isaacsim/kit/extscore/omni.kit.registry.nucleus/omni/kit/registry/nucleus/registry_globals.py(36): __init__
  f:/eai/isaaclab/env_isaaclab/lib/site-packages/isaacsim/kit/extscore/omni.kit.registry.nucleus/omni/kit/registry/nucleus/registry_manager.py(67): __init__
  f:/eai/isaaclab/env_isaaclab/lib/site-packages/isaacsim/kit/extscore/omni.kit.registry.nucleus/omni/kit/registry/nucleus/extension.py(16): on_startup
  F:\eai\isaaclab\env_isaaclab\Lib\site-packages\isaacsim\kit\kernel\py\omni\ext\_impl\_internal.py(175): _startup_ext
  F:\eai\isaaclab\env_isaaclab\Lib\site-packages\isaacsim\kit\kernel\py\omni\ext\_impl\_internal.py(233): startup
  F:\eai\isaaclab\env_isaaclab\Lib\site-packages\isaacsim\kit\kernel\py\omni\ext\_impl\_internal.py(337): startup_extension
  PythonExtension.cpp::startup()(2): <module>
  F:\eai\isaaclab\env_isaaclab\Lib\site-packages\isaacsim\exts\isaacsim.simulation_app\isaacsim\simulation_app\simulation_app.py(534): _start_app
  F:\eai\isaaclab\env_isaaclab\Lib\site-packages\isaacsim\exts\isaacsim.simulation_app\isaacsim\simulation_app\simulation_app.py(270): __init__
  F:\eai\isaaclab\IsaacLab\source\isaaclab\isaaclab\app\app_launcher.py(823): _create_app
  F:\eai\isaaclab\IsaacLab\source\isaaclab\isaaclab\app\app_launcher.py(131): __init__
  F:\eai\isaaclab\badminton_intercept_project\scripts\test_control_chain.py(34): <module>

2026-03-13T07:06:01Z [108ms] [Error] [omni.ext.plugin] [ext: omni.kit.registry.nucleus-0.0.0] Failed to startup python extension.
2026-03-13T07:06:01Z [148ms] [Error] [omni.ext.plugin] Syncing with extension registry unavailable.
2026-03-13T07:06:01Z [148ms] [Error] [omni.ext.plugin] Failed to resolve extension dependencies. Failure hints:
	[isaaclab.python-2.3.2] dependency: 'isaacsim.asset.importer.urdf' = { version='=2.4.31' } can't be satisfied. Available versions:
	 - [isaacsim.asset.importer.urdf-2.4.30+107.3.3.wx64.r.cp311] (f:/eai/isaaclab/env_isaaclab/lib/site-packages/isaacsim/exts/isaacsim.asset.importer.urdf)
 Synced registries:
	 (none)

2026-03-13T07:06:01Z [148ms] [Error] [omni.kit.app.plugin] Exiting app because of dependency solver failure...
Traceback (most recent call last):
  File "F:\eai\isaaclab\badminton_intercept_project\scripts\test_control_chain.py", line 34, in <module>
    app_launcher = AppLauncher(args_cli)
                   ^^^^^^^^^^^^^^^^^^^^^
  File "F:\eai\isaaclab\IsaacLab\source\isaaclab\isaaclab\app\app_launcher.py", line 131, in __init__
    self._create_app()
  File "F:\eai\isaaclab\IsaacLab\source\isaaclab\isaaclab\app\app_launcher.py", line 823, in _create_app
    self._app = SimulationApp(self._sim_app_config, experience=self._sim_experience_file)
                ^^^^^^^^^^^^^^^^^^^^^^^^^^^^^^^^^^^^^^^^^^^^^^^^^^^^^^^^^^^^^^^^^^^^^^^^^
  File "F:\eai\isaaclab\env_isaaclab\Lib\site-packages\isaacsim\exts\isaacsim.simulation_app\isaacsim\simulation_app\simulation_app.py", line 285, in __init__
    from .utils import create_new_stage, open_stage
  File "F:\eai\isaaclab\env_isaaclab\Lib\site-packages\isaacsim\exts\isaacsim.simulation_app\isaacsim\simulation_app\utils.py", line 23, in <module>
    from omni.kit.usd import layers
ModuleNotFoundError: No module named 'omni.kit.usd'
2026-03-13T07:06:01Z [156ms] [Warning] [carb] Recursive unloadAllPlugins() detected!
